// Jest Snapshot v1, https://goo.gl/fbAQLP

exports[`PlayerSelect page should render the PlayerSelect page 1`] = `[Function]`;
