// Jest Snapshot v1, https://goo.gl/fbAQLP

exports[`requireDecks middleware should return NextComponent 1`] = `
<div>
  Simple Compoenent
  
</div>
`;
