// Jest Snapshot v1, https://goo.gl/fbAQLP

exports[`DeckSelect Container should render deckSelect page component inside container 1`] = `[Function]`;
