// Jest Snapshot v1, https://goo.gl/fbAQLP

exports[`Loading renders Loading component 1`] = `
<div
  className="loading"
>
   Carregando... 
</div>
`;
